

particle heatblast_smoke
{
	{
		count 				50
		material 			textures/particles/blacksmokepuff
		time 				4.000
		cycles 				0.000
		timeOffset 			0.000
		bunching 			0.900
		distribution 		rect 40.000 40.000 0.000
		direction 			cone 60.000
		orientation 		view
		speed 				"30.000" to "0.000"
		size 				"45.000" to "500.000"
		aspect 				"1.000"
		rotation 			"60.000" to "0.000"
		randomDistribution 	1
		boundsExpansion 	0.000
		fadeIn 				0.100
		fadeOut 			0.620
		fadeIndex 			0.000
		color 				1.000 1.000 1.000 1.000
		fadeColor 			0.000 0.000 0.000 0.000
		offset 				0.000 0.000 0.000
		gravity 			world -30.000
	}

}


particle heatblast_burn_imp
{
	depthHack	10.000
	{
		count 				10
		material 			textures/particles/barrelpoof
		time 				2.000
		cycles 				0.000
		deadTime 			10.000
		timeOffset 			0.000
		bunching 			1.000
		distribution 		rect 20.000 10.000 0.000
		direction 			outward 0.500
		orientation 		view
		speed 				"10.000" to "0.000"
		size 				"20.000" to "45.000"
		aspect 				"1.000"
		rotation 			"0.400" to "0.000"
		randomDistribution 	1
		boundsExpansion 	0.000
		fadeIn 				0.250
		fadeOut 			1.000
		fadeIndex 			0.000
		color 				0.080 0.070 0.060 0.500
		fadeColor 			0.000 0.000 0.000 0.000
		offset 				0.000 0.000 5.000
		gravity 			world -10.000
	}
	{
		count 				5
		material 			textures/particles/rocketbacklit
		time 				2.000
		cycles 				0.000
		deadTime 			10.000
		timeOffset 			0.000
		bunching 			1.000
		distribution 		rect 20.000 10.000 0.000
		direction 			outward 0.000
		orientation 		view
		speed 				"10.000" to "0.000"
		size 				"30.000" to "40.000"
		aspect 				"1.000"
		rotation 			"0.300" to "0.000"
		randomDistribution 	1
		boundsExpansion 	0.000
		fadeIn 				0.250
		fadeOut 			1.000
		fadeIndex 			0.000
		color 				0.620 0.180 0.010 1.000
		fadeColor 			0.000 0.000 0.000 0.000
		offset 				0.000 0.000 0.000
		gravity 			world -5.000
	}
	{
		count 				30
		material 			textures/particles/ember_small
		time 				2.000
		cycles 				0.000
		deadTime 			10.000
		timeOffset 			0.000
		bunching 			1.000
		distribution 		rect 80.000 30.000 0.000
		direction 			outward 0.000
		orientation 		view
		customPath 			helix 10.000 30.000 10.000 1.500 2.000
		speed 				"5.000" to "0.000"
		size 				"0.600"
		aspect 				"1.000"
		rotation 			"0.300" to "0.000"
		randomDistribution 	1
		boundsExpansion 	0.000
		fadeIn 				0.100
		fadeOut 			1.000
		fadeIndex 			0.000
		color 				0.940 0.040 0.000 1.000
		fadeColor 			0.000 0.000 0.000 0.000
		offset 				0.000 0.000 0.000
		gravity 			world -13.000
	}
	{
		count 				3
		material 			textures/particles/rocketbacklit
		time 				1.750
		cycles 				0.000
		deadTime 			10.000
		timeOffset 			0.000
		bunching 			1.000
		distribution 		rect 20.000 10.000 0.000
		direction 			outward 0.000
		orientation 		view
		speed 				"10.000" to "0.000"
		size 				"30.000" to "40.000"
		aspect 				"1.000"
		rotation 			"0.300" to "0.000"
		randomDistribution 	1
		boundsExpansion 	0.000
		fadeIn 				0.250
		fadeOut 			1.000
		fadeIndex 			0.000
		color 				0.470 0.020 0.000 1.000
		fadeColor 			0.000 0.000 0.000 0.000
		offset 				0.000 0.000 0.000
		gravity 			world -5.000
	}

}