

/*
	Generated by the Particle Editor.
	To use the particle editor, launch the game and type 'editParticles' on the console.
*/
particle particle_heatblast_large {
	depthHack	70.000
	{
		count 				1
		material 			textures/particles/boomboom
		time 				0.200
		cycles 				1.000
		timeOffset 			0.000
		bunching 			1.000
		distribution 		rect 0.000 0.000 0.000
		direction 			cone 0.000
		orientation 		view
		speed 				"0.000"
		size 				"0.000" to "250.000"
		aspect 				"1.000"
		rotation 			"7.000" to "0.000"
		randomDistribution 	1
		boundsExpansion 	0.000
		fadeIn 				0.100
		fadeOut 			0.650
		fadeIndex 			0.000
		color 				1.000 0.000 0.440 1.000
		fadeColor 			0.000 0.000 0.000 1.000
		offset 				0.000 0.000 0.000
		gravity 			-10.000
	}
	{
		count 				1
		material 			textures/particles/bfgballblast
		time 				0.350
		cycles 				1.000
		timeOffset 			0.000
		bunching 			0.100
		distribution 		sphere 5.000 5.000 5.000 0.000
		direction 			cone 0.000
		orientation 		view
		speed 				"0.000"
		size 				"39.500" to "400.000"
		aspect 				"1.000"
		rotation 			"100.000" to "91.000"
		randomDistribution 	1
		boundsExpansion 	0.000
		fadeIn 				0.000
		fadeOut 			1.000
		fadeIndex 			0.000
		color 				1.000 0.000 0.440 1.000
		fadeColor 			0.000 0.000 0.000 1.000
		offset 				0.000 0.000 50.000
		gravity 			world -10.000
	}

}

particle particle_heatblast
{
	depthHack	70.000
	{
		count 				1
		material 			textures/particles/boomboom
		time 				0.200
		cycles 				1.000
		timeOffset 			0.000
		bunching 			1.000
		distribution 		rect 0.000 0.000 0.000
		direction 			cone 0.000
		orientation 		view
		speed 				"0.000"
		size 				"0.000" to "250.000"
		aspect 				"1.000"
		rotation 			"7.000" to "0.000"
		randomDistribution 	1
		boundsExpansion 	0.000
		fadeIn 				0.100
		fadeOut 			0.650
		fadeIndex 			0.000
		color 				1.000 0.000 0.440 1.000
		fadeColor 			0.000 0.000 0.000 1.000
		offset 				0.000 0.000 0.000
		gravity 			-10.000
	}
	{
		count 				1
		material 			textures/particles/bfgballblast
		time 				0.350
		cycles 				1.000
		timeOffset 			0.000
		bunching 			0.100
		distribution 		sphere 5.000 5.000 5.000 0.000
		direction 			cone 0.000
		orientation 		view
		speed 				"0.000"
		size 				"39.500" to "400.000"
		aspect 				"1.000"
		rotation 			"100.000" to "91.000"
		randomDistribution 	1
		boundsExpansion 	0.000
		fadeIn 				0.000
		fadeOut 			1.000
		fadeIndex 			0.000
		color 				1.000 0.000 0.440 1.000
		fadeColor 			0.000 0.000 0.000 1.000
		offset 				0.000 0.000 50.000
		gravity 			world -10.000
	}

}